../Drivers/STM32WBxx_HAL_Driver/Inc/stm32wbxx_ll_bus.h:539:22:LL_AHB2_GRP1_EnableClock	24	static
../Core/Src/main.c:84:5:main	64	static
../Core/Src/main.c:240:6:SystemClock_Config	112	static
../Core/Src/main.c:290:6:PeriphCommonClock_Config	88	static
../Core/Src/main.c:314:13:MX_SPI2_Init	8	static
../Core/Src/main.c:354:13:MX_USART1_UART_Init	8	static
../Core/Src/main.c:402:13:MX_GPIO_Init	32	static
../Core/Src/main.c:476:1:__io_putchar	16	static
../Core/Src/main.c:492:6:Error_Handler	4	static,ignoring_inline_asm
