../Drivers/STM32WBxx_HAL_Driver/Inc/stm32wbxx_ll_bus.h:539:22:LL_AHB2_GRP1_EnableClock	24	static
../Core/Src/main.c:73:6:sendCommand	16	static
../Core/Src/main.c:83:6:reset	8	static
../Core/Src/main.c:99:5:main	40	static
../Core/Src/main.c:169:6:SystemClock_Config	112	static
../Core/Src/main.c:213:6:PeriphCommonClock_Config	88	static
../Core/Src/main.c:237:13:MX_SPI2_Init	8	static
../Core/Src/main.c:277:13:MX_USART1_UART_Init	8	static
../Core/Src/main.c:325:13:MX_GPIO_Init	32	static
../Core/Src/main.c:403:1:__io_putchar	16	static
../Core/Src/main.c:419:6:Error_Handler	4	static,ignoring_inline_asm
